node:internal/modules/cjs/loader:1459
  throw err;
  ^

Error: Cannot find module './server/dist/server/server.js'
Require stack:
- /workspaces/d-n-c-y-thu/Penguin/pixel-agents/start-server.js
    at Module._resolveFilename (node:internal/modules/cjs/loader:1456:15)
    at defaultResolveImpl (node:internal/modules/cjs/loader:1066:19)
    at resolveForCJSWithHooks (node:internal/modules/cjs/loader:1071:22)
    at Module._load (node:internal/modules/cjs/loader:1242:25)
    at wrapModuleLoad (node:internal/modules/cjs/loader:255:19)
    at Module.require (node:internal/modules/cjs/loader:1556:12)
    at require (node:internal/modules/helpers:152:16)
    at Object.<anonymous> (/workspaces/d-n-c-y-thu/Penguin/pixel-agents/start-server.js:1:31)
    at Module._compile (node:internal/modules/cjs/loader:1812:14)
    at Object..js (node:internal/modules/cjs/loader:1943:10) {
  code: 'MODULE_NOT_FOUND',
  requireStack: [ '/workspaces/d-n-c-y-thu/Penguin/pixel-agents/start-server.js' ]
}

Node.js v24.14.0
